
=== Mon Apr 21 14:35:38 2025

Packages were changed.
Update Mode: updateDependencies

The following packages were updated:
  com.unity.inputsystem from version 1.13.0 to 1.13.1
  com.unity.render-pipelines.universal from version 17.0.3 to 17.0.4

=== Sun May 18 14:28:59 2025

Packages were changed.
Update Mode: updateDependencies

The following packages were updated:
  com.unity.collab-proxy from version 2.6.0 to 2.7.1
  com.unity.inputsystem from version 1.12.0 to 1.13.1
  com.unity.render-pipelines.core from version 17.0.3 to 17.0.4
  com.unity.render-pipelines.universal from version 17.0.3 to 17.0.4
  com.unity.shadergraph from version 17.0.3 to 17.0.4
  com.unity.test-framework from version 1.4.5 to 1.4.6
  com.unity.xr.legacyinputhelpers from version 2.1.11 to 2.1.12

=== Sun May 18 14:28:59 2025

Packages were changed.
Update Mode: mergeDefaultDependencies

The following packages were added:
  com.unity.burst@1.8.19
  com.unity.collections@2.5.1
  com.unity.editorcoroutines@1.0.0
  com.unity.ext.nunit@2.0.5
  com.unity.feature.development@1.0.2
  com.unity.learn.iet-framework@4.0.4
  com.unity.mathematics@1.3.2
  com.unity.nuget.mono-cecil@1.11.4
  com.unity.nuget.newtonsoft-json@3.2.1
  com.unity.performance.profile-analyzer@1.2.3
  com.unity.render-pipelines.core@17.0.4
  com.unity.render-pipelines.universal-config@17.0.3
  com.unity.rendering.light-transport@1.0.1
  com.unity.searcher@4.9.2
  com.unity.settings-manager@2.0.1
  com.unity.shadergraph@17.0.4
  com.unity.test-framework.performance@3.0.3
  com.unity.testtools.codecoverage@1.2.6
  com.unity.xr.core-utils@2.5.1
  com.unity.xr.legacyinputhelpers@2.1.12
  com.unity.modules.hierarchycore@1.0.0
  com.unity.modules.subsystems@1.0.0
The following packages were updated:
  com.unity.ide.rider from version 3.0.31 to 3.0.34

=== Sun May 18 14:39:47 2025

Packages were changed.
Update Mode: updateDependencies

The following packages were updated:
  com.unity.collab-proxy from version 2.6.0 to 2.7.1
  com.unity.inputsystem from version 1.12.0 to 1.13.1
  com.unity.render-pipelines.core from version 17.0.3 to 17.0.4
  com.unity.render-pipelines.universal from version 17.0.3 to 17.0.4
  com.unity.shadergraph from version 17.0.3 to 17.0.4
  com.unity.test-framework from version 1.4.5 to 1.4.6
  com.unity.xr.legacyinputhelpers from version 2.1.11 to 2.1.12
